                                 Started job on |	Aug 28 07:54:10
                             Started mapping on |	Aug 28 07:54:24
                                    Finished on |	Aug 28 07:59:28
       Mapping speed, Million of reads per hour |	808.17

                          Number of input reads |	68245355
                      Average input read length |	62
                                    UNIQUE READS:
                   Uniquely mapped reads number |	32606754
                        Uniquely mapped reads % |	47.78%
                          Average mapped length |	65.19
                       Number of splices: Total |	3582
            Number of splices: Annotated (sjdb) |	3582
                       Number of splices: GT/AG |	3437
                       Number of splices: GC/AG |	12
                       Number of splices: AT/AC |	0
               Number of splices: Non-canonical |	133
                      Mismatch rate per base, % |	0.27%
                         Deletion rate per base |	0.00%
                        Deletion average length |	1.00
                        Insertion rate per base |	0.00%
                       Insertion average length |	1.54
                             MULTI-MAPPING READS:
        Number of reads mapped to multiple loci |	11194779
             % of reads mapped to multiple loci |	16.40%
        Number of reads mapped to too many loci |	147284
             % of reads mapped to too many loci |	0.22%
                                  UNMAPPED READS:
  Number of reads unmapped: too many mismatches |	295803
       % of reads unmapped: too many mismatches |	0.43%
            Number of reads unmapped: too short |	17093449
                 % of reads unmapped: too short |	25.05%
                Number of reads unmapped: other |	6907286
                     % of reads unmapped: other |	10.12%
                                  CHIMERIC READS:
                       Number of chimeric reads |	0
                            % of chimeric reads |	0.00%
